2025-02-01 07:11:00 | WARN | repo=pv243-a4m36jee-2016-web-seminar-autumn | action=commit
2025-06-17 08:21:00 | INFO | repo=pv243-a4m36jee-2016-web-seminar-autumn | action=commit
2025-10-09 08:14:00 | DEBUG | repo=pv243-a4m36jee-2016-web-seminar-autumn | action=commit
2025-09-14 21:06:00 | DEBUG | repo=pv243-a4m36jee-2016-web-seminar-autumn | action=test | passed=true
2025-07-28 08:03:00 | DEBUG | repo=pv243-a4m36jee-2016-web-seminar-autumn | action=test | passed=true
2025-05-24 20:36:00 | DEBUG | repo=pv243-a4m36jee-2016-web-seminar-autumn | action=commit
2025-01-18 20:19:00 | WARN | repo=pv243-a4m36jee-2016-web-seminar-autumn | action=test | passed=true
2025-11-12 21:26:00 | WARN | repo=pv243-a4m36jee-2016-web-seminar-autumn | action=commit
2025-04-27 07:11:00 | DEBUG | repo=pv243-a4m36jee-2016-web-seminar-autumn | action=commit
2025-04-02 07:45:00 | INFO | repo=pv243-a4m36jee-2016-web-seminar-autumn | action=edit | files=3
2025-08-08 21:30:00 | WARN | repo=pv243-a4m36jee-2016-web-seminar-autumn | action=test | passed=true
2025-08-08 21:47:00 | WARN | repo=pv243-a4m36jee-2016-web-seminar-autumn | action=commit
2025-04-10 16:05:00 | WARN | repo=pv243-a4m36jee-2016-web-seminar-autumn | action=commit
2025-08-13 20:54:00 | WARN | repo=pv243-a4m36jee-2016-web-seminar-autumn | action=commit
2025-10-18 16:55:00 | DEBUG | repo=pv243-a4m36jee-2016-web-seminar-autumn | action=commit
2025-07-25 09:24:00 | DEBUG | repo=pv243-a4m36jee-2016-web-seminar-autumn | action=commit
2025-12-03 17:14:00 | WARN | repo=pv243-a4m36jee-2016-web-seminar-autumn | action=commit
2025-12-27 21:31:00 | DEBUG | repo=pv243-a4m36jee-2016-web-seminar-autumn | action=commit
2025-07-19 09:57:00 | INFO | repo=pv243-a4m36jee-2016-web-seminar-autumn | action=commit
2025-10-24 11:23:00 | DEBUG | repo=pv243-a4m36jee-2016-web-seminar-autumn | action=commit
2025-06-19 08:04:00 | WARN | repo=pv243-a4m36jee-2016-web-seminar-autumn | action=commit
2025-04-12 07:07:00 | INFO | repo=pv243-a4m36jee-2016-web-seminar-autumn | action=pull
2025-07-16 12:58:00 | WARN | repo=pv243-a4m36jee-2016-web-seminar-autumn | action=commit
2025-11-16 08:20:00 | INFO | repo=pv243-a4m36jee-2016-web-seminar-autumn | action=commit
2025-07-25 18:40:00 | DEBUG | repo=pv243-a4m36jee-2016-web-seminar-autumn | action=commit
2025-12-08 19:50:00 | DEBUG | repo=pv243-a4m36jee-2016-web-seminar-autumn | action=pull
2025-07-11 12:22:00 | INFO | repo=pv243-a4m36jee-2016-web-seminar-autumn | action=test | passed=true
2025-12-21 20:13:00 | DEBUG | repo=pv243-a4m36jee-2016-web-seminar-autumn | action=pull
2025-05-06 18:58:00 | INFO | repo=pv243-a4m36jee-2016-web-seminar-autumn | action=commit
2025-11-09 21:05:00 | INFO | repo=pv243-a4m36jee-2016-web-seminar-autumn | action=commit
2025-07-04 11:54:00 | DEBUG | repo=pv243-a4m36jee-2016-web-seminar-autumn | action=pull
2025-12-19 12:26:00 | INFO | repo=pv243-a4m36jee-2016-web-seminar-autumn | action=edit | files=4
2025-12-05 12:47:00 | WARN | repo=pv243-a4m36jee-2016-web-seminar-autumn | action=commit
2025-02-10 10:05:00 | DEBUG | repo=pv243-a4m36jee-2016-web-seminar-autumn | action=commit
2025-07-15 21:10:00 | DEBUG | repo=pv243-a4m36jee-2016-web-seminar-autumn | action=test | passed=true
2025-06-13 11:32:00 | INFO | repo=pv243-a4m36jee-2016-web-seminar-autumn | action=commit
2025-11-06 19:01:00 | WARN | repo=pv243-a4m36jee-2016-web-seminar-autumn | action=commit
2025-11-01 13:56:00 | DEBUG | repo=pv243-a4m36jee-2016-web-seminar-autumn | action=commit
2025-12-27 16:23:00 | WARN | repo=pv243-a4m36jee-2016-web-seminar-autumn | action=commit
2025-10-08 15:59:00 | WARN | repo=pv243-a4m36jee-2016-web-seminar-autumn | action=edit | files=2
2025-03-27 20:25:00 | INFO | repo=pv243-a4m36jee-2016-web-seminar-autumn | action=pull
2025-12-09 09:43:00 | DEBUG | repo=pv243-a4m36jee-2016-web-seminar-autumn | action=test | passed=true
2025-03-22 16:57:00 | WARN | repo=pv243-a4m36jee-2016-web-seminar-autumn | action=commit
2025-10-06 08:44:00 | INFO | repo=pv243-a4m36jee-2016-web-seminar-autumn | action=commit
2025-03-20 08:51:00 | WARN | repo=pv243-a4m36jee-2016-web-seminar-autumn | action=commit
2025-06-20 07:34:00 | DEBUG | repo=pv243-a4m36jee-2016-web-seminar-autumn | action=test | passed=true
2025-10-08 12:43:00 | DEBUG | repo=pv243-a4m36jee-2016-web-seminar-autumn | action=commit
2025-07-05 21:57:00 | WARN | repo=pv243-a4m36jee-2016-web-seminar-autumn | action=test | passed=true
2025-06-14 20:49:00 | WARN | repo=pv243-a4m36jee-2016-web-seminar-autumn | action=pull
2025-12-28 11:19:00 | INFO | repo=pv243-a4m36jee-2016-web-seminar-autumn | action=commit
2025-07-27 21:33:00 | WARN | repo=pv243-a4m36jee-2016-web-seminar-autumn | action=commit
2025-05-07 07:53:00 | WARN | repo=pv243-a4m36jee-2016-web-seminar-autumn | action=edit | files=3
2025-11-23 15:38:00 | DEBUG | repo=pv243-a4m36jee-2016-web-seminar-autumn | action=commit
2025-01-09 21:45:00 | INFO | repo=pv243-a4m36jee-2016-web-seminar-autumn | action=commit
2025-10-24 15:59:00 | WARN | repo=pv243-a4m36jee-2016-web-seminar-autumn | action=commit
2025-10-15 13:00:00 | WARN | repo=pv243-a4m36jee-2016-web-seminar-autumn | action=test | passed=true
2025-11-05 14:24:00 | DEBUG | repo=pv243-a4m36jee-2016-web-seminar-autumn | action=commit
2025-09-07 15:42:00 | INFO | repo=pv243-a4m36jee-2016-web-seminar-autumn | action=commit
2025-02-11 12:07:00 | DEBUG | repo=pv243-a4m36jee-2016-web-seminar-autumn | action=commit
2025-01-23 13:34:00 | INFO | repo=pv243-a4m36jee-2016-web-seminar-autumn | action=commit
2025-12-26 11:56:00 | DEBUG | repo=pv243-a4m36jee-2016-web-seminar-autumn | action=commit
2025-08-12 11:26:00 | INFO | repo=pv243-a4m36jee-2016-web-seminar-autumn | action=test | passed=true
2025-03-24 14:43:00 | WARN | repo=pv243-a4m36jee-2016-web-seminar-autumn | action=pull
2025-01-24 16:00:00 | DEBUG | repo=pv243-a4m36jee-2016-web-seminar-autumn | action=commit
2025-07-20 17:46:00 | INFO | repo=pv243-a4m36jee-2016-web-seminar-autumn | action=commit
2025-05-24 08:05:00 | WARN | repo=pv243-a4m36jee-2016-web-seminar-autumn | action=commit
2025-12-23 13:49:00 | INFO | repo=pv243-a4m36jee-2016-web-seminar-autumn | action=commit
2025-03-02 19:23:00 | WARN | repo=pv243-a4m36jee-2016-web-seminar-autumn | action=commit
2025-08-16 19:34:00 | INFO | repo=pv243-a4m36jee-2016-web-seminar-autumn | action=edit | files=2
2025-09-05 20:26:00 | DEBUG | repo=pv243-a4m36jee-2016-web-seminar-autumn | action=edit | files=4
2025-06-11 21:52:00 | DEBUG | repo=pv243-a4m36jee-2016-web-seminar-autumn | action=pull
2025-09-14 21:01:00 | DEBUG | repo=pv243-a4m36jee-2016-web-seminar-autumn | action=commit
2025-10-13 21:27:00 | DEBUG | repo=pv243-a4m36jee-2016-web-seminar-autumn | action=edit | files=2
2025-10-23 20:50:00 | WARN | repo=pv243-a4m36jee-2016-web-seminar-autumn | action=pull
2025-01-03 08:30:00 | WARN | repo=pv243-a4m36jee-2016-web-seminar-autumn | action=pull
2025-08-27 19:30:00 | INFO | repo=pv243-a4m36jee-2016-web-seminar-autumn | action=edit | files=3
2025-02-16 11:04:00 | INFO | repo=pv243-a4m36jee-2016-web-seminar-autumn | action=commit
2025-07-15 14:24:00 | DEBUG | repo=pv243-a4m36jee-2016-web-seminar-autumn | action=commit
2025-08-14 15:34:00 | INFO | repo=pv243-a4m36jee-2016-web-seminar-autumn | action=commit
2025-05-21 13:50:00 | WARN | repo=pv243-a4m36jee-2016-web-seminar-autumn | action=commit
2025-04-19 07:51:00 | INFO | repo=pv243-a4m36jee-2016-web-seminar-autumn | action=test | passed=true
2025-05-17 11:42:00 | WARN | repo=pv243-a4m36jee-2016-web-seminar-autumn | action=commit
2025-08-10 07:15:00 | DEBUG | repo=pv243-a4m36jee-2016-web-seminar-autumn | action=commit
2025-12-16 16:02:00 | INFO | repo=pv243-a4m36jee-2016-web-seminar-autumn | action=test | passed=true
2025-03-11 17:34:00 | INFO | repo=pv243-a4m36jee-2016-web-seminar-autumn | action=commit
2025-07-23 21:38:00 | WARN | repo=pv243-a4m36jee-2016-web-seminar-autumn | action=commit
2025-01-05 14:09:00 | DEBUG | repo=pv243-a4m36jee-2016-web-seminar-autumn | action=commit
2025-01-14 19:09:00 | INFO | repo=pv243-a4m36jee-2016-web-seminar-autumn | action=commit
2025-08-23 07:42:00 | INFO | repo=pv243-a4m36jee-2016-web-seminar-autumn | action=commit
2025-05-19 08:43:00 | DEBUG | repo=pv243-a4m36jee-2016-web-seminar-autumn | action=edit | files=1
2025-01-28 21:36:00 | DEBUG | repo=pv243-a4m36jee-2016-web-seminar-autumn | action=commit
2025-01-10 14:48:00 | INFO | repo=pv243-a4m36jee-2016-web-seminar-autumn | action=commit
2025-02-28 21:19:00 | INFO | repo=pv243-a4m36jee-2016-web-seminar-autumn | action=commit
2025-07-16 17:01:00 | DEBUG | repo=pv243-a4m36jee-2016-web-seminar-autumn | action=commit
2025-06-24 16:38:00 | WARN | repo=pv243-a4m36jee-2016-web-seminar-autumn | action=commit
2025-04-26 20:45:00 | WARN | repo=pv243-a4m36jee-2016-web-seminar-autumn | action=commit
2025-04-05 09:21:00 | INFO | repo=pv243-a4m36jee-2016-web-seminar-autumn | action=commit
2025-07-13 10:14:00 | INFO | repo=pv243-a4m36jee-2016-web-seminar-autumn | action=commit
2025-09-02 14:53:00 | INFO | repo=pv243-a4m36jee-2016-web-seminar-autumn | action=edit | files=2
2025-03-21 18:03:00 | INFO | repo=pv243-a4m36jee-2016-web-seminar-autumn | action=commit
2025-03-13 20:39:00 | DEBUG | repo=pv243-a4m36jee-2016-web-seminar-autumn | action=pull
2025-11-23 09:49:00 | INFO | repo=pv243-a4m36jee-2016-web-seminar-autumn | action=commit
2025-11-14 09:39:00 | DEBUG | repo=pv243-a4m36jee-2016-web-seminar-autumn | action=commit
2025-05-15 08:42:00 | WARN | repo=pv243-a4m36jee-2016-web-seminar-autumn | action=commit
2025-10-26 08:29:00 | WARN | repo=pv243-a4m36jee-2016-web-seminar-autumn | action=commit
2025-07-11 19:34:00 | WARN | repo=pv243-a4m36jee-2016-web-seminar-autumn | action=test | passed=true
2025-12-07 10:55:00 | INFO | repo=pv243-a4m36jee-2016-web-seminar-autumn | action=edit | files=4
2025-11-02 18:59:00 | INFO | repo=pv243-a4m36jee-2016-web-seminar-autumn | action=pull
2025-03-21 13:09:00 | WARN | repo=pv243-a4m36jee-2016-web-seminar-autumn | action=test | passed=true
2025-05-26 15:18:00 | WARN | repo=pv243-a4m36jee-2016-web-seminar-autumn | action=commit
2025-06-14 07:46:00 | INFO | repo=pv243-a4m36jee-2016-web-seminar-autumn | action=commit
2025-12-12 17:42:00 | INFO | repo=pv243-a4m36jee-2016-web-seminar-autumn | action=commit
2025-07-27 09:59:00 | WARN | repo=pv243-a4m36jee-2016-web-seminar-autumn | action=commit
2025-05-17 21:19:00 | DEBUG | repo=pv243-a4m36jee-2016-web-seminar-autumn | action=edit | files=3
2025-05-05 13:34:00 | WARN | repo=pv243-a4m36jee-2016-web-seminar-autumn | action=commit
2025-10-23 19:23:00 | INFO | repo=pv243-a4m36jee-2016-web-seminar-autumn | action=commit
2025-11-16 07:02:00 | WARN | repo=pv243-a4m36jee-2016-web-seminar-autumn | action=test | passed=true
2025-06-03 19:03:00 | INFO | repo=pv243-a4m36jee-2016-web-seminar-autumn | action=commit
2025-04-17 17:46:00 | DEBUG | repo=pv243-a4m36jee-2016-web-seminar-autumn | action=commit
2025-01-21 09:15:00 | WARN | repo=pv243-a4m36jee-2016-web-seminar-autumn | action=commit
